[
  {
    "agent": "oracle-vm-2cpu-8gb-x86-64",
    "arch": "amd64",
    "pipeline": "smoke",
    "profile": "smoke",
    "timeout": 60,
    "strimzi_feature_gates": "false",
    "strimzi_rbac_scope": "CLUSTER",
    "cluster_operator_install_type": "yaml",
    "parallel": 1,
    "jobName": "smoke-amd64"
  },
  {
    "agent": "oracle-vm-2cpu-8gb-arm64",
    "arch": "arm64",
    "pipeline": "smoke",
    "profile": "smoke",
    "timeout": 60,
    "strimzi_feature_gates": "false",
    "strimzi_rbac_scope": "CLUSTER",
    "cluster_operator_install_type": "yaml",
    "parallel": 1,
    "jobName": "smoke-arm64"
  }
]