---
apiVersion: kafka.strimzi.io/v1
kind: KafkaBridge
metadata:
  name: my-bridge
spec:
  bootstrapServers: my-cluster-kafka-bootstrap:9092
  http:
    port: 8080
  replicas: 1