---
apiVersion: kafka.strimzi.io/v1
kind: KafkaConnector
metadata:
  name: my-source-connector
  labels:
    strimzi.io/cluster: my-connect-cluster
spec:
  class: org.apache.kafka.connect.file.FileStreamSourceConnector
  tasksMax: 2
  config:
    file: /opt/kafka/LICENSE
    topic: my-topic